Microchip MPLAB XC8 Compiler V3.00

Linker command line:

-W-3 \
  --edf=C:\Program Files\Microchip\xc8\v3.00\pic\dat\20241204225717_en.msgs \
  -cn -h+dist/default/production\car_black_box.production.sym \
  --cmf=dist/default/production\car_black_box.production.cmf -z -Q16F877A \
  -oC:\Users\devar\AppData\Local\Temp\xcAs8qc.\driver_tmp_3.o \
  --defsym=__MPLAB_BUILD=1 --fixupoverflow=error \
  -Mdist/default/production/car_black_box.production.map \
  --md=C:\Users\devar\AppData\Local\Temp\xcAs8qc.\driver_tmp_0.dat -E1 \
  -ver=XC8 Compiler -ACODE=00h-07FFhx4 -ASTRCODE=00h-01FFFh \
  -ASTRING=00h-0FFhx32 -ACONST=00h-0FFhx32 -AENTRY=00h-0FFhx32 \
  -ACOMMON=070h-07Fh -ABANK0=020h-06Fh -ABANK1=0A0h-0EFh \
  -ABANK2=0110h-016Fh -ABANK3=0190h-01EFh \
  -ARAM=020h-06Fh,0A0h-0EFh,0110h-016Fh,0190h-01EFh \
  -AABS1=020h-07Fh,0A0h-0EFh,0110h-016Fh,0190h-01EFh -ASFR0=00h-01Fh \
  -ASFR1=080h-09Fh -ASFR2=0100h-010Fh -ASFR3=0180h-018Fh \
  -ACONFIG=02007h-02007h -DCONFIG=2 -AIDLOC=02000h-02003h -DIDLOC=2 \
  -AEEDATA=00h-0FFh/02100h -peeprom_data=EEDATA -DEEDATA=2 -DCODE=2 \
  -DSTRCODE=2 -DSTRING=2 -DCONST=2 -DENTRY=2 \
  -preset_vec=00h,intentry=04h,sivt,init,end_init -ppowerup=CODE \
  -pcinit=CODE -pfunctab=ENTRY -k \
  C:\Users\devar\AppData\Local\Temp\xcAs8qc.\driver_tmp_12.o \
  dist/default/production\car_black_box.production.o 

Object code version is 3.11

Machine type is 16F877A



                Name                               Link     Load   Length Selector   Space Scale
C:\Users\devar\AppData\Local\Temp\xcAs8qc.\driver_tmp_12.o
                end_init                              C        C        3        8       0
                reset_vec                             0        0        3        0       0
                config                             2007     2007        1        0       4
dist/default/production\car_black_box.production.o
                cinit                                 F        F       36        8       0
                intentry                              4        4        8        8       0
                config                             2007     2007        1        0       4
                text49                             1463     1463       2D     28C6       0
                text48                             1528     1528       36     2A50       0
                text47                              99C      99C       2F     1338       0
                text46                             12E1     12E1       15     25C2       0
                text45                             1256     1256        8     24AC       0
                text44                             12AE     12AE        D     255C       0
                text43                             13A5     13A5       21     274A       0
                text42                             1266     1266        9     24CC       0
                text41                             126F     126F        9     24DE       0
                text40                             1282     1282        B     2504       0
                text39                             128D     128D        B     251A       0
                text38                             140D     140D       2B     281A       0
                text37                             16F7     16F7       55     2DEE       0
                text36                             1658     1658       4B     2CB0       0
                text35                              D74      D74      11F     1AE8       0
                text34                             132A     132A       1E     2654       0
                text33                             12F6     12F6       19     25EC       0
                text32                              E93      E93      16D     1D26       0
                text31                             1610     1610       48     2C20       0
                text30                             15CC     15CC       44     2B98       0
                text29                             1594     1594       38     2B28       0
                text28                             1438     1438       2B     2870       0
                text27                              AF7      AF7       B9     15EE       0
                text26                             16A3     16A3       54     2D46       0
                text25                             1298     1298        B     2530       0
                text24                             13E7     13E7       26     27CE       0
                text23                              717      717       E3        8       0
                text22                             124F     124F        7     249E       0
                text21                              9CB      9CB       63     1396       0
                text20                             12A3     12A3        B     2546       0
                text19                              7FA      7FA        6        8       0
                text18                              A91      A91       66     1522       0
                text17                             14C1     14C1       32     2982       0
                text16                             1278     1278        A     24F0       0
                text15                             1490     1490       31     2920       0
                text14                             14F3     14F3       35     29E6       0
                text13                             12BB     12BB       13     2576       0
                text12                             1385     1385       20     270A       0
                text11                             155E     155E       36     2ABC       0
                text10                             17A3     17A3       5D     2F46       0
                text9                               A2E      A2E       63     145C       0
                text8                              174C     174C       57     2E98       0
                text7                               558      558      1BF        8       0
                text6                               BB0      BB0       C8     1760       0
                text5                              1366     1366       1F     26CC       0
                text4                              1348     1348       1E     2690       0
                text3                               2FD      2FD      25B        8       0
                text2                              13C6     13C6       21     278C       0
                text1                               C78      C78       FC     18F0       0
                maintext                             45       45      2B8        8       0
                cstackBANK0                          20       20       24       20       1
                cstackCOMMON                         70       70        A       70       1
                cstackBANK1                          D4       D4        D       A0       1
                clrtext                            125E     125E        8     24BC       0
                inittext                           12CE     12CE       13     259C       0
                dataBANK1                            A0       A0       1B       A0       1
                bssBANK1                             BB       BB       19       A0       1
                dataBANK0                            61       61        5       20       1
                bssBANK0                             44       44       1D       20       1
                dataCOMMON                           7B       7B        1       70       1
                bssCOMMON                            7A       7A        1       70       1
                stringtext                          800      800      19B       10       0
                strings                            1000     1000       12     2000       0
                idataBANK1                         130F     130F       1B     261E       0
                idataBANK0                         124A     124A        5     2494       0
                idataCOMMON                           3        3        1        0       0

TOTAL           Name                               Link     Load   Length     Space
        CLASS   CODE           
                end_init                              C        C        3         0
                cinit                                 F        F       36         0
                intentry                              4        4        8         0
                reset_vec                             0        0        3         0
                text49                             1463     1463       2D         0
                text48                             1528     1528       36         0
                text47                              99C      99C       2F         0
                text46                             12E1     12E1       15         0
                text45                             1256     1256        8         0
                text44                             12AE     12AE        D         0
                text43                             13A5     13A5       21         0
                text42                             1266     1266        9         0
                text41                             126F     126F        9         0
                text40                             1282     1282        B         0
                text39                             128D     128D        B         0
                text38                             140D     140D       2B         0
                text37                             16F7     16F7       55         0
                text36                             1658     1658       4B         0
                text35                              D74      D74      11F         0
                text34                             132A     132A       1E         0
                text33                             12F6     12F6       19         0
                text32                              E93      E93      16D         0
                text31                             1610     1610       48         0
                text30                             15CC     15CC       44         0
                text29                             1594     1594       38         0
                text28                             1438     1438       2B         0
                text27                              AF7      AF7       B9         0
                text26                             16A3     16A3       54         0
                text25                             1298     1298        B         0
                text24                             13E7     13E7       26         0
                text23                              717      717       E3         0
                text22                             124F     124F        7         0
                text21                              9CB      9CB       63         0
                text20                             12A3     12A3        B         0
                text19                              7FA      7FA        6         0
                text18                              A91      A91       66         0
                text17                             14C1     14C1       32         0
                text16                             1278     1278        A         0
                text15                             1490     1490       31         0
                text14                             14F3     14F3       35         0
                text13                             12BB     12BB       13         0
                text12                             1385     1385       20         0
                text11                             155E     155E       36         0
                text10                             17A3     17A3       5D         0
                text9                               A2E      A2E       63         0
                text8                              174C     174C       57         0
                text7                               558      558      1BF         0
                text6                               BB0      BB0       C8         0
                text5                              1366     1366       1F         0
                text4                              1348     1348       1E         0
                text3                               2FD      2FD      25B         0
                text2                              13C6     13C6       21         0
                text1                               C78      C78       FC         0
                maintext                             45       45      2B8         0
                clrtext                            125E     125E        8         0
                inittext                           12CE     12CE       13         0
                idataBANK1                         130F     130F       1B         0
                idataBANK0                         124A     124A        5         0
                idataCOMMON                           3        3        1         0

        CLASS   STRCODE        
                stringtext                          800      800      19B         0

        CLASS   STRING         
                strings                            1000     1000       12         0

        CLASS   CONST          

        CLASS   ENTRY          

        CLASS   COMMON         
                cstackCOMMON                         70       70        A         1
                dataCOMMON                           7B       7B        1         1
                bssCOMMON                            7A       7A        1         1

        CLASS   BANK0          
                cstackBANK0                          20       20       24         1
                dataBANK0                            61       61        5         1
                bssBANK0                             44       44       1D         1

        CLASS   BANK1          
                cstackBANK1                          D4       D4        D         1
                dataBANK1                            A0       A0       1B         1
                bssBANK1                             BB       BB       19         1

        CLASS   BANK2          

        CLASS   BANK3          

        CLASS   RAM            

        CLASS   ABS1           
                abs_s1                               7E       7E        2         1

        CLASS   SFR0           

        CLASS   SFR1           

        CLASS   SFR2           

        CLASS   SFR3           

        CLASS   CONFIG         
                config                             2007     2007        1         4

        CLASS   IDLOC          

        CLASS   EEDATA         

        CLASS   HEAP           

        CLASS   STACK          



SEGMENTS        Name                           Load    Length   Top    Selector   Space  Class     Delta

                reset_vec                      000000  000004  000004         0       0  CODE        2
                intentry                       000004  0007FC  000800         8       0  CODE        2
                cstackBANK0                    000020  000046  000066        20       1  BANK0       1
                cstackCOMMON                   000070  00000C  00007C        70       1  COMMON      1
                dataBANK1                      0000A0  000041  0000E1        A0       1  BANK1       1
                stringtext                     000800  00019B  00099B        10       0  STRCODE     2
                text47                         00099C  00002F  0009CB      1338       0  CODE        2
                text21                         0009CB  000063  000A2E      1396       0  CODE        2
                text9                          000A2E  000063  000A91      145C       0  CODE        2
                text18                         000A91  000066  000AF7      1522       0  CODE        2
                text27                         000AF7  0000B9  000BB0      15EE       0  CODE        2
                text6                          000BB0  0000C8  000C78      1760       0  CODE        2
                text1                          000C78  0000FC  000D74      18F0       0  CODE        2
                text35                         000D74  00011F  000E93      1AE8       0  CODE        2
                text32                         000E93  00016D  001000      1D26       0  CODE        2
                strings                        001000  000012  001012      2000       0  STRING      2
                idataBANK0                     00124A  000005  00124F      2494       0  CODE        2
                text22                         00124F  000007  001256      249E       0  CODE        2
                text45                         001256  000008  00125E      24AC       0  CODE        2
                clrtext                        00125E  000008  001266      24BC       0  CODE        2
                text42                         001266  000009  00126F      24CC       0  CODE        2
                text41                         00126F  000009  001278      24DE       0  CODE        2
                text16                         001278  00000A  001282      24F0       0  CODE        2
                text40                         001282  00000B  00128D      2504       0  CODE        2
                text39                         00128D  00000B  001298      251A       0  CODE        2
                text25                         001298  00000B  0012A3      2530       0  CODE        2
                text20                         0012A3  00000B  0012AE      2546       0  CODE        2
                text44                         0012AE  00000D  0012BB      255C       0  CODE        2
                text13                         0012BB  000013  0012CE      2576       0  CODE        2
                inittext                       0012CE  000013  0012E1      259C       0  CODE        2
                text46                         0012E1  000015  0012F6      25C2       0  CODE        2
                text33                         0012F6  000019  00130F      25EC       0  CODE        2
                idataBANK1                     00130F  00001B  00132A      261E       0  CODE        2
                text34                         00132A  00001E  001348      2654       0  CODE        2
                text4                          001348  00001E  001366      2690       0  CODE        2
                text5                          001366  00001F  001385      26CC       0  CODE        2
                text12                         001385  000020  0013A5      270A       0  CODE        2
                text43                         0013A5  000021  0013C6      274A       0  CODE        2
                text2                          0013C6  000021  0013E7      278C       0  CODE        2
                text24                         0013E7  000026  00140D      27CE       0  CODE        2
                text38                         00140D  00002B  001438      281A       0  CODE        2
                text28                         001438  00002B  001463      2870       0  CODE        2
                text49                         001463  00002D  001490      28C6       0  CODE        2
                text15                         001490  000031  0014C1      2920       0  CODE        2
                text17                         0014C1  000032  0014F3      2982       0  CODE        2
                text14                         0014F3  000035  001528      29E6       0  CODE        2
                text48                         001528  000036  00155E      2A50       0  CODE        2
                text11                         00155E  000036  001594      2ABC       0  CODE        2
                text29                         001594  000038  0015CC      2B28       0  CODE        2
                text30                         0015CC  000044  001610      2B98       0  CODE        2
                text31                         001610  000048  001658      2C20       0  CODE        2
                text36                         001658  00004B  0016A3      2CB0       0  CODE        2
                text26                         0016A3  000054  0016F7      2D46       0  CODE        2
                text37                         0016F7  000055  00174C      2DEE       0  CODE        2
                text8                          00174C  000057  0017A3      2E98       0  CODE        2
                text10                         0017A3  00005D  001800      2F46       0  CODE        2


UNUSED ADDRESS RANGES

        Name                Unused          Largest block    Delta
        BANK0            0066-006F              A           1
        BANK1            00E1-00EF              F           1
        BANK2            0110-016F             60           1
        BANK3            0190-01EF             60           1
        CODE             099B-099B              1           2
                         1012-1249            238
                         1800-1FFF            800
        COMMON           007C-007D              2           1
        CONST            099B-099B              1           2
                         1012-1249            100
                         1800-1FFF            100
        EEDATA           2100-21FF            100           2
        ENTRY            099B-099B              1           2
                         1012-1249            100
                         1800-1FFF            100
        IDLOC            2000-2003              4           2
        RAM              0066-006F              A           1
                         00E1-00EF              F
                         0110-016F             60
                         0190-01EF             60
        SFR0             0000-001F             20           1
        SFR1             0080-009F             20           1
        SFR2             0100-010F             10           1
        SFR3             0180-018F             10           1
        STRCODE          099B-099B              1           2
                         1012-1249            238
                         1800-1FFF            800
        STRING           099B-099B              1           2
                         1012-1249            100
                         1800-1FFF            100

                                  Symbol Table

?___awdiv                            cstackCOMMON 0072
?___awmod                            cstackCOMMON 0072
?___lldiv                            cstackCOMMON 0072
?___lwdiv                            cstackBANK0  0020
?___lwmod                            cstackCOMMON 0072
?_read_adc                           cstackCOMMON 0072
?_strncmp                            cstackCOMMON 0072
_ACKDT                               (abs)        048D
_ACKEN                               (abs)        048C
_ACKSTAT                             (abs)        048E
_ADCON0                              (abs)        001F
_ADFM                                (abs)        04FF
_ADON                                (abs)        00F8
_ADRESH                              (abs)        001E
_ADRESL                              (abs)        009E
_CREN                                (abs)        00C4
_GIE                                 (abs)        005F
_GO                                  (abs)        00FA
_PEIE                                (abs)        005E
_PEN                                 (abs)        048A
_PORTB                               (abs)        0006
_PORTD                               (abs)        0008
_PR2                                 (abs)        0092
_PSA                                 (abs)        040B
_RCEN                                (abs)        048B
_RCIE                                (abs)        0465
_RCIF                                (abs)        0065
_RCREG                               (abs)        001A
_RE1                                 (abs)        0049
_RE2                                 (abs)        004A
_R_nW                                (abs)        04A2
_SEN                                 (abs)        0488
_SPBRG                               (abs)        0099
_SPEN                                (abs)        00C7
_SSPADD                              (abs)        0093
_SSPBUF                              (abs)        0013
_SSPCON2                             (abs)        0091
_SSPEN                               (abs)        00A5
_SSPM3                               (abs)        00A3
_T0CS                                (abs)        040D
_T2CKPS0                             (abs)        0090
_T2CKPS1                             (abs)        0091
_TMR0                                (abs)        0001
_TMR0IE                              (abs)        005D
_TMR2IE                              (abs)        0461
_TMR2IF                              (abs)        0061
_TMR2ON                              (abs)        0092
_TRISB                               (abs)        0086
_TRISD                               (abs)        0088
_TRISE1                              (abs)        0449
_TRISE2                              (abs)        044A
_TXIF                                (abs)        0064
_TXREG                               (abs)        0019
__H__absolute__                      __absolute__ 0000
__Habs1                              abs1         0000
__Hbank0                             bank0        0000
__Hbank1                             bank1        0000
__Hbank2                             bank2        0000
__Hbank3                             bank3        0000
__HbssBANK0                          bssBANK0     0000
__HbssBANK1                          bssBANK1     0000
__HbssCOMMON                         bssCOMMON    0000
__Hcinit                             cinit        0045
__Hclrtext                           clrtext      0000
__Hcode                              code         0000
__Hcommon                            common       0000
__Hconfig                            config       2008
__HcstackBANK0                       cstackBANK0  0000
__HcstackBANK1                       cstackBANK1  0000
__HcstackCOMMON                      cstackCOMMON 0000
__HdataBANK0                         dataBANK0    0000
__HdataBANK1                         dataBANK1    0000
__HdataCOMMON                        dataCOMMON   0000
__Heeprom_data                       eeprom_data  0000
__Hend_init                          end_init     000F
__Hfunctab                           functab      0000
__Hheap                              heap         0000
__HidataBANK0                        idataBANK0   0000
__HidataBANK1                        idataBANK1   0000
__HidataCOMMON                       idataCOMMON  0000
__Hinit                              init         000C
__Hinittext                          inittext     0000
__Hintentry                          intentry     000C
__Hmaintext                          maintext     0000
__Hpowerup                           powerup      0000
__Hram                               ram          0000
__Hreset_vec                         reset_vec    0003
__Hsfr0                              sfr0         0000
__Hsfr1                              sfr1         0000
__Hsfr2                              sfr2         0000
__Hsfr3                              sfr3         0000
__Hsivt                              sivt         000C
__Hspace_0                           (abs)        1800
__Hspace_1                           (abs)        00E1
__Hspace_2                           (abs)        0000
__Hspace_3                           (abs)        0000
__Hspace_4                           (abs)        400F
__Hstack                             stack        0000
__Hstrings                           strings      0000
__Hstringtext                        stringtext   0000
__Htext                              text         0000
__L__absolute__                      __absolute__ 0000
__Labs1                              abs1         0000
__Lbank0                             bank0        0000
__Lbank1                             bank1        0000
__Lbank2                             bank2        0000
__Lbank3                             bank3        0000
__LbssBANK0                          bssBANK0     0000
__LbssBANK1                          bssBANK1     0000
__LbssCOMMON                         bssCOMMON    0000
__Lcinit                             cinit        000F
__Lclrtext                           clrtext      0000
__Lcode                              code         0000
__Lcommon                            common       0000
__Lconfig                            config       0000
__LcstackBANK0                       cstackBANK0  0000
__LcstackBANK1                       cstackBANK1  0000
__LcstackCOMMON                      cstackCOMMON 0000
__LdataBANK0                         dataBANK0    0000
__LdataBANK1                         dataBANK1    0000
__LdataCOMMON                        dataCOMMON   0000
__Leeprom_data                       eeprom_data  0000
__Lend_init                          end_init     000C
__Lfunctab                           functab      0000
__Lheap                              heap         0000
__LidataBANK0                        idataBANK0   0000
__LidataBANK1                        idataBANK1   0000
__LidataCOMMON                       idataCOMMON  0000
__Linit                              init         000C
__Linittext                          inittext     0000
__Lintentry                          intentry     0004
__Lmaintext                          maintext     0000
__Lpowerup                           powerup      0000
__Lram                               ram          0000
__Lreset_vec                         reset_vec    0000
__Lsfr0                              sfr0         0000
__Lsfr1                              sfr1         0000
__Lsfr2                              sfr2         0000
__Lsfr3                              sfr3         0000
__Lsivt                              sivt         000C
__Lspace_0                           (abs)        0000
__Lspace_1                           (abs)        0000
__Lspace_2                           (abs)        0000
__Lspace_3                           (abs)        0000
__Lspace_4                           (abs)        0000
__Lstack                             stack        0000
__Lstrings                           strings      0000
__Lstringtext                        stringtext   0000
__Ltext                              text         0000
__S0                                 (abs)        1800
__S1                                 (abs)        00E1
__S3                                 (abs)        0000
___awdiv                             text9        0A2E
___awdiv@counter                     cstackCOMMON 0076
___awdiv@dividend                    cstackCOMMON 0074
___awdiv@divisor                     cstackCOMMON 0072
___awdiv@quotient                    cstackCOMMON 0078
___awdiv@sign                        cstackCOMMON 0077
___awmod                             text8        174C
___awmod@counter                     cstackCOMMON 0076
___awmod@dividend                    cstackCOMMON 0074
___awmod@divisor                     cstackCOMMON 0072
___awmod@sign                        cstackCOMMON 0077
___bmul                              text13       12BB
___bmul@multiplicand                 cstackCOMMON 0072
___bmul@multiplier                   cstackCOMMON 0074
___bmul@product                      cstackCOMMON 0073
___heap_hi                           (abs)        0000
___heap_lo                           (abs)        0000
___int_sp                            stack        0000
___int_stack_hi                      stack        0000
___int_stack_lo                      stack        0000
___latbits                           (abs)        0002
___lldiv                             text18       0A91
___lldiv@counter                     cstackBANK0  0025
___lldiv@dividend                    cstackCOMMON 0076
___lldiv@divisor                     cstackCOMMON 0072
___lldiv@quotient                    cstackBANK0  0021
___lwdiv                             text30       15CC
___lwdiv@counter                     cstackBANK0  0024
___lwdiv@dividend                    cstackBANK0  0022
___lwdiv@divisor                     cstackBANK0  0020
___lwdiv@quotient                    cstackBANK0  0025
___lwmod                             text29       1594
___lwmod@counter                     cstackCOMMON 0076
___lwmod@dividend                    cstackCOMMON 0074
___lwmod@divisor                     cstackCOMMON 0072
___sp                                stack        0000
___stack_hi                          stack        0000
___stack_lo                          stack        0000
___stackhi                           (abs)        0000
___stacklo                           (abs)        0000
__end_of___awdiv                     text9        0A91
__end_of___awmod                     text8        17A3
__end_of___bmul                      text13       12CE
__end_of___lldiv                     text18       0AF7
__end_of___lwdiv                     text30       1610
__end_of___lwmod                     text29       15CC
__end_of__initialization             cinit        0041
__end_of__stringtab                  strings      1012
__end_of_change_password             text32       1000
__end_of_clcd_print                  text47       09CB
__end_of_clcd_putch                  text46       12F6
__end_of_clcd_write                  text48       155E
__end_of_clear_log                   text31       1658
__end_of_clear_screen                text45       125E
__end_of_compare_pwd                 text35       0E93
__end_of_display_dash_board          text26       16F7
__end_of_download_log                text23       07FA
__end_of_ext_eeprom_24C02_byte_write text34       1348
__end_of_ext_eeprom_24C02_read       text38       1438
__end_of_ext_eeprom_24C02_str_write  text33       130F
__end_of_get_time                    text27       0BB0
__end_of_i2c_read                    text43       13C6
__end_of_i2c_rep_start               text40       128D
__end_of_i2c_start                   text42       126F
__end_of_i2c_stop                    text41       1278
__end_of_i2c_wait_for_idle           text44       12BB
__end_of_i2c_write                   text39       1298
__end_of_init_adc                    text22       1256
__end_of_init_clcd                   text20       12AE
__end_of_init_config                 text14       1528
__end_of_init_digital_keypad         text19       0800
__end_of_init_display_controller     text21       0A2E
__end_of_init_i2c                    text17       14F3
__end_of_init_timer2                 text16       1282
__end_of_init_uart                   text15       14C1
__end_of_isr                         text49       1490
__end_of_log_car_event               text10       1800
__end_of_log_event                   text12       13A5
__end_of_login_screen                text7        0717
__end_of_main                        maintext     02FD
__end_of_menu_screen                 text6        0C78
__end_of_putchar                     text25       12A3
__end_of_puts                        text24       140D
__end_of_read_adc                    text5        1385
__end_of_read_digital_keypad         text37       174C
__end_of_read_ds1307                 text28       1463
__end_of_set_time                    text3        0558
__end_of_strcpy                      text2        13E7
__end_of_strncmp                     text36       16A3
__end_of_strncpy                     text11       1594
__end_of_view_log                    text1        0D74
__end_of_write_ds1307                text4        1366
__initialization                     cinit        000F
__pbssBANK0                          bssBANK0     0044
__pbssBANK1                          bssBANK1     00BB
__pbssCOMMON                         bssCOMMON    007A
__pcstackBANK0                       cstackBANK0  0020
__pcstackBANK1                       cstackBANK1  00D4
__pcstackCOMMON                      cstackCOMMON 0070
__pdataBANK0                         dataBANK0    0061
__pdataBANK1                         dataBANK1    00A0
__pdataCOMMON                        dataCOMMON   007B
__pidataBANK0                        idataBANK0   124A
__pidataBANK1                        idataBANK1   130F
__pidataCOMMON                       idataCOMMON  0003
__pintentry                          intentry     0004
__pmaintext                          maintext     0045
__pstrings                           strings      1000
__pstringtext                        stringtext   0800
__ptext1                             text1        0C78
__ptext10                            text10       17A3
__ptext11                            text11       155E
__ptext12                            text12       1385
__ptext13                            text13       12BB
__ptext14                            text14       14F3
__ptext15                            text15       1490
__ptext16                            text16       1278
__ptext17                            text17       14C1
__ptext18                            text18       0A91
__ptext19                            text19       07FA
__ptext2                             text2        13C6
__ptext20                            text20       12A3
__ptext21                            text21       09CB
__ptext22                            text22       124F
__ptext23                            text23       0717
__ptext24                            text24       13E7
__ptext25                            text25       1298
__ptext26                            text26       16A3
__ptext27                            text27       0AF7
__ptext28                            text28       1438
__ptext29                            text29       1594
__ptext3                             text3        02FD
__ptext30                            text30       15CC
__ptext31                            text31       1610
__ptext32                            text32       0E93
__ptext33                            text33       12F6
__ptext34                            text34       132A
__ptext35                            text35       0D74
__ptext36                            text36       1658
__ptext37                            text37       16F7
__ptext38                            text38       140D
__ptext39                            text39       128D
__ptext4                             text4        1348
__ptext40                            text40       1282
__ptext41                            text41       126F
__ptext42                            text42       1266
__ptext43                            text43       13A5
__ptext44                            text44       12AE
__ptext45                            text45       1256
__ptext46                            text46       12E1
__ptext47                            text47       099C
__ptext48                            text48       1528
__ptext49                            text49       1463
__ptext5                             text5        1366
__ptext6                             text6        0BB0
__ptext7                             text7        0558
__ptext8                             text8        174C
__ptext9                             text9        0A2E
__stringbase                         strings      1012
__stringtab                          strings      1000
_change_password                     text32       0E93
_clcd_print                          text47       099C
_clcd_putch                          text46       12E1
_clcd_write                          text48       1528
_clear_log                           text31       1610
_clear_screen                        text45       1256
_clock_reg                           bssBANK0     005E
_compare_pwd                         text35       0D74
_display_dash_board                  text26       16A3
_download_log                        text23       0717
_ext_eeprom_24C02_byte_write         text34       132A
_ext_eeprom_24C02_read               text38       140D
_ext_eeprom_24C02_str_write          text33       12F6
_gear                                dataBANK1    00A0
_get_time                            text27       0AF7
_i2c_read                            text43       13A5
_i2c_rep_start                       text40       1282
_i2c_start                           text42       1266
_i2c_stop                            text41       126F
_i2c_wait_for_idle                   text44       12AE
_i2c_write                           text39       128D
_init_adc                            text22       124F
_init_clcd                           text20       12A3
_init_config                         text14       14F3
_init_digital_keypad                 text19       07FA
_init_display_controller             text21       09CB
_init_i2c                            text17       14C1
_init_timer2                         text16       1278
_init_uart                           text15       1490
_isr                                 text49       1463
_log                                 bssBANK1     00BE
_log_car_event                       text10       17A3
_log_event                           text12       1385
_login_screen                        text7        0558
_main                                maintext     0045
_menu                                dataBANK1    00AE
_menu_screen                         text6        0BB0
_nDONE                               (abs)        00FA
_pos                                 bssBANK0     004E
_putchar                             text25       1298
_puts                                text24       13E7
_pwd_flag                            dataBANK0    0064
_read_adc                            text5        1366
_read_digital_keypad                 text37       16F7
_read_ds1307                         text28       1438
_return_time                         dataBANK0    0065
_sec                                 dataBANK0    0063
_set_time                            text3        02FD
_strcpy                              text2        13C6
_strncmp                             text36       1658
_strncpy                             text11       155E
_time                                bssBANK0     004F
_view_log                            text1        0C78
_write_ds1307                        text4        1348
btemp                                (abs)        007E
change_password@add                  cstackBANK0  003D
change_password@flag                 cstackBANK0  003F
change_password@i                    cstackBANK0  0041
change_password@key                  cstackBANK0  0040
change_password@pwd_arr              cstackBANK0  0035
change_password@res                  cstackBANK0  003C
change_password@wait                 cstackBANK0  003A
change_password@wait_327             cstackBANK0  003E
clcd_print@addr                      cstackCOMMON 0078
clcd_print@str                       cstackCOMMON 0076
clcd_putch@addr                      cstackBANK0  0027
clcd_putch@data                      cstackBANK0  0028
clcd_write@byte                      cstackCOMMON 0075
clcd_write@mode                      cstackCOMMON 0072
clear_log@clear                      cstackBANK0  0023
clear_log@i                          cstackBANK0  0024
clear_ram0                           clrtext      125E
compare_pwd@add                      cstackBANK0  002E
compare_pwd@i                        bssBANK0     0048
compare_pwd@j                        cstackBANK0  0031
compare_pwd@key                      cstackBANK0  0030
compare_pwd@reset_flag               cstackBANK0  002F
compare_pwd@saved_pwd                bssBANK1     00CA
compare_pwd@user_pwd                 bssBANK0     0056
compare_pwd@wait                     cstackBANK0  002C
display_dash_board@event             cstackBANK0  002B
display_dash_board@speed             cstackBANK0  002C
download_log@add                     cstackBANK0  002F
download_log@i                       cstackBANK0  0031
download_log@j                       cstackBANK0  0030
download_log@rlog                    cstackBANK0  0023
end_of_initialization                cinit        0041
ext_eeprom_24C02_byte_write@addr     cstackCOMMON 0074
ext_eeprom_24C02_byte_write@data     cstackCOMMON 0073
ext_eeprom_24C02_read@addr           cstackCOMMON 0074
ext_eeprom_24C02_read@data           cstackCOMMON 0075
ext_eeprom_24C02_str_write@addr      cstackCOMMON 0076
ext_eeprom_24C02_str_write@str       cstackCOMMON 0075
get_time@clock_reg                   cstackBANK0  0029
i2c_read@ack                         cstackCOMMON 0072
i2c_read@data                        cstackCOMMON 0073
i2c_write@data                       cstackCOMMON 0072
init_fetch0                          inittext     12CE
init_i2c@baud                        cstackBANK0  0026
init_ram0                            inittext     12D2
init_uart@baud                       cstackBANK0  0026
interrupt_function                   intentry     0004
intlevel0                            functab      0000
intlevel1                            functab      0000
intlevel2                            functab      0000
intlevel3                            functab      0000
intlevel4                            functab      0000
intlevel5                            functab      0000
isr@count                            bssBANK0     0044
log_car_event@event                  cstackBANK0  002B
log_car_event@speed                  cstackBANK0  002C
log_event@addr                       cstackCOMMON 0077
login_screen@add                     cstackBANK0  002D
login_screen@attempt                 dataBANK0    0062
login_screen@i                       bssBANK0     004D
login_screen@j                       cstackBANK0  002F
login_screen@key                     cstackBANK0  002E
login_screen@reset_flag              cstackBANK0  0029
login_screen@saved_password          bssBANK1     00CF
login_screen@user_password           bssBANK0     005A
main@F1244                           dataBANK1    00B8
main@control_flag                    cstackBANK1  00DE
main@event                           cstackBANK1  00DB
main@gr                              cstackBANK1  00D9
main@key                             cstackBANK1  00E0
main@menu_pos                        cstackBANK1  00D6
main@reset_flag                      cstackBANK1  00D8
main@speed                           cstackBANK1  00DF
main@stat                            cstackBANK1  00D7
main@wait                            cstackBANK1  00D4
menu_screen@key                      cstackBANK0  002C
menu_screen@menu_pos                 bssBANK0     004C
menu_screen@reset_flag               cstackBANK0  0029
menu_screen@select_pos               dataBANK0    0061
putchar@data                         cstackCOMMON 0072
puts@s                               cstackCOMMON 0073
read_adc@adc_reg_val                 cstackCOMMON 0076
read_adc@channel                     cstackCOMMON 0075
read_digital_keypad@key              bssBANK0     0046
read_digital_keypad@long_press       bssCOMMON    007A
read_digital_keypad@mode             cstackCOMMON 0073
read_digital_keypad@once             dataCOMMON   007B
read_digital_keypad@prev_key         bssBANK0     0047
read_ds1307@addr                     cstackCOMMON 0074
read_ds1307@data                     cstackCOMMON 0075
reset_vec                            reset_vec    0000
saved_w                              (abs)        007E
set_time@hr                          cstackBANK0  002E
set_time@key                         bssBANK0     0049
set_time@min                         cstackBANK0  002D
set_time@sec                         cstackBANK0  002C
set_time@shift                       bssBANK0     004A
start                                init         000C
start_initialization                 cinit        000F
strcpy@d                             cstackCOMMON 0077
strcpy@dest                          cstackCOMMON 0072
strcpy@src                           cstackCOMMON 0073
strncmp@l                            cstackCOMMON 0072
strncmp@n                            cstackCOMMON 0074
strncmp@r                            cstackCOMMON 0073
strncpy@cp                           cstackCOMMON 0076
strncpy@d                            cstackCOMMON 0072
strncpy@n                            cstackCOMMON 0074
strncpy@s                            cstackCOMMON 0073
view_log@add                         cstackBANK0  0036
view_log@i                           cstackBANK0  0038
view_log@key                         cstackBANK0  0037
view_log@reset_flag                  cstackBANK0  0029
view_log@rlog                        cstackBANK0  002A
view_log@shift                       bssBANK0     004B
write_ds1307@addr                    cstackCOMMON 0074
write_ds1307@data                    cstackCOMMON 0073
wtemp0                               (abs)        007E


MODULE INFORMATION

Module		Function		Class		Link	Load	Size
timers.c
		_init_timer2   		CODE           	1278	0000	10

timers.c estimated size: 10

digital_keypad.c
		_init_digital_keypad		CODE           	07FA	0000	6
		_read_digital_keypad		CODE           	16F7	0000	85

digital_keypad.c estimated size: 91

uart.c
		_init_uart     		CODE           	1490	0000	49
		_puts          		CODE           	13E7	0000	38
		_putchar       		CODE           	1298	0000	11

uart.c estimated size: 98

i2c.c
		_i2c_start     		CODE           	1266	0000	9
		_i2c_rep_start 		CODE           	1282	0000	11
		_i2c_write     		CODE           	128D	0000	11
		_i2c_stop      		CODE           	126F	0000	9
		_i2c_read      		CODE           	13A5	0000	33
		_init_i2c      		CODE           	14C1	0000	50
		_i2c_wait_for_idle		CODE           	12AE	0000	13

i2c.c estimated size: 136

ds1307.c
		_read_ds1307   		CODE           	1438	0000	43
		_write_ds1307  		CODE           	1348	0000	30

ds1307.c estimated size: 73

adc.c
		_init_adc      		CODE           	124F	0000	7
		_read_adc      		CODE           	1366	0000	31

adc.c estimated size: 38

C:\Program Files\Microchip\xc8\v3.00\pic\sources\c99\common\lwmod.c
		___lwmod       		CODE           	1594	0000	56

C:\Program Files\Microchip\xc8\v3.00\pic\sources\c99\common\lwmod.c estimated size: 56

C:\Program Files\Microchip\xc8\v3.00\pic\sources\c99\common\awmod.c
		___awmod       		CODE           	174C	0000	87

C:\Program Files\Microchip\xc8\v3.00\pic\sources\c99\common\awmod.c estimated size: 87

C:\Program Files\Microchip\xc8\v3.00\pic\sources\c99\common\strncmp.c
		_strncmp       		CODE           	1658	0000	75

C:\Program Files\Microchip\xc8\v3.00\pic\sources\c99\common\strncmp.c estimated size: 75

C:\Program Files\Microchip\xc8\v3.00\pic\sources\c99\common\strncpy.c
		_strncpy       		CODE           	155E	0000	54

C:\Program Files\Microchip\xc8\v3.00\pic\sources\c99\common\strncpy.c estimated size: 54

C:\Program Files\Microchip\xc8\v3.00\pic\sources\c99\common\__lldiv.c
		___lldiv       		CODE           	0A91	0000	102

C:\Program Files\Microchip\xc8\v3.00\pic\sources\c99\common\__lldiv.c estimated size: 102

isr.c
		_isr           		CODE           	1463	0000	45

isr.c estimated size: 45

cbb.c
		_view_log      		CODE           	0C78	0000	252
		_log_car_event 		CODE           	17A3	0000	93
		_menu_screen   		CODE           	0BB0	0000	200
		_compare_pwd   		CODE           	0D74	0000	287
		_change_password		CODE           	0E93	0000	365
		_get_time      		CODE           	0AF7	0000	185
		_clear_screen  		CODE           	1256	0000	8
		_display_dash_board		CODE           	16A3	0000	84
		_download_log  		CODE           	0717	0000	227
		_log_event     		CODE           	1385	0000	32
		_set_time      		CODE           	02FD	0000	603
		_clear_log     		CODE           	1610	0000	72
		_login_screen  		CODE           	0558	0000	447

cbb.c estimated size: 2855

shared
		__stringtab    		STRING         	1000	0000	18
		__initialization		CODE           	000F	0000	50

shared estimated size: 68

clcd.c
		_clcd_write    		CODE           	1528	0000	54
		_clcd_print    		CODE           	099C	0000	47
		_clcd_putch    		CODE           	12E1	0000	21
		_init_display_controller		CODE           	09CB	0000	99
		_init_clcd     		CODE           	12A3	0000	11

clcd.c estimated size: 232

C:\Program Files\Microchip\xc8\v3.00\pic\sources\c99\common\strcpy.c
		_strcpy        		CODE           	13C6	0000	33

C:\Program Files\Microchip\xc8\v3.00\pic\sources\c99\common\strcpy.c estimated size: 33

C:\Program Files\Microchip\xc8\v3.00\pic\sources\c99\common\lwdiv.c
		___lwdiv       		CODE           	15CC	0000	68

C:\Program Files\Microchip\xc8\v3.00\pic\sources\c99\common\lwdiv.c estimated size: 68

C:\Program Files\Microchip\xc8\v3.00\pic\sources\c99\common\awdiv.c
		___awdiv       		CODE           	0A2E	0000	99

C:\Program Files\Microchip\xc8\v3.00\pic\sources\c99\common\awdiv.c estimated size: 99

main.c
		_main          		CODE           	0045	0000	696
		_init_config   		CODE           	14F3	0000	53

main.c estimated size: 749

EEprom.c
		_ext_eeprom_24C02_str_write		CODE           	12F6	0000	25
		_ext_eeprom_24C02_byte_write		CODE           	132A	0000	30
		_ext_eeprom_24C02_read		CODE           	140D	0000	43

EEprom.c estimated size: 98

C:\Program Files\Microchip\xc8\v3.00\pic\sources\c99\common\Umul8.c
		___bmul        		CODE           	12BB	0000	19

C:\Program Files\Microchip\xc8\v3.00\pic\sources\c99\common\Umul8.c estimated size: 19

